[23:25:27] [main/INFO] (FabricLoader/GameProvider) Loading Minecraft 1.21.10 with Fabric Loader 0.17.2
[23:25:27] [main/INFO] (FabricLoader) Loading 51 mods:
	- editvillager 1.0.0
	- fabric-api 0.138.4+1.21.10
	- fabric-api-base 1.0.0+14b92d896f
	- fabric-api-lookup-api-v1 1.6.106+d17682156f
	- fabric-biome-api-v1 16.1.0+c2417d4f6f
	- fabric-block-api-v1 1.1.5+d17682156f
	- fabric-block-view-api-v2 1.0.34+e4fd1b926f
	- fabric-client-gametest-api-v1 4.2.13+14b92d896f
	- fabric-command-api-v2 2.4.0+c0ab2d5d6f
	- fabric-content-registries-v0 10.2.6+b6a242646f
	- fabric-convention-tags-v1 2.1.49+7f945d5b6f
	- fabric-convention-tags-v2 2.17.0+ff7bc77d6f
	- fabric-crash-report-info-v1 0.3.18+33df5e6e6f
	- fabric-data-attachment-api-v1 1.8.33+cd3b9e596f
	- fabric-data-generation-api-v1 23.2.27+d8b85ef16f
	- fabric-dimensions-v1 4.0.22+38b9cc196f
	- fabric-entity-events-v1 2.1.13+fde3702c6f
	- fabric-events-interaction-v0 4.0.36+5ba217126f
	- fabric-game-rule-api-v1 1.1.1+e47eaae56f
	- fabric-gametest-api-v1 3.1.21+33df5e6e6f
	- fabric-item-api-v1 11.5.11+9bce411b6f
	- fabric-item-group-api-v1 4.2.27+86b3ae576f
	- fabric-key-binding-api-v1 1.1.1+b3ba9c486f
	- fabric-lifecycle-events-v1 2.6.9+33df5e6e6f
	- fabric-loot-api-v2 3.0.67+3f89f5a56f
	- fabric-loot-api-v3 2.0.14+d17682156f
	- fabric-message-api-v1 6.1.7+3154c1c86f
	- fabric-model-loading-api-v1 6.0.5+3ffd6ef06f
	- fabric-networking-api-v1 5.1.0+b095d8db6f
	- fabric-object-builder-api-v1 21.1.28+9bce411b6f
	- fabric-particles-v1 4.2.3+a0ee59a46f
	- fabric-recipe-api-v1 8.2.0+39709ef06f
	- fabric-registry-sync-v0 6.1.42+679c8c5c6f
	- fabric-renderer-api-v1 7.2.3+9be2a36e6f
	- fabric-renderer-indigo 4.1.4+9be2a36e6f
	- fabric-rendering-fluids-v1 3.1.38+86b3ae576f
	- fabric-rendering-v1 16.2.0+bee81f016f
	- fabric-resource-conditions-api-v1 5.0.28+33df5e6e6f
	- fabric-resource-loader-v0 3.3.1+d4d4122a6f
	- fabric-resource-loader-v1 1.0.4+14959b836f
	- fabric-screen-api-v1 3.1.0+9c82a7986f
	- fabric-screen-handler-api-v1 1.3.151+d17682156f
	- fabric-serialization-api-v1 1.0.0+d857c9766f
	- fabric-sound-api-v1 1.0.45+328a75ba6f
	- fabric-tag-api-v1 1.2.13+2fa446b26f
	- fabric-transfer-api-v1 6.0.15+79ec2c126f
	- fabric-transitive-access-wideners-v1 6.5.3+41eb43436f
	- fabricloader 0.17.2
	- java 21
	- minecraft 1.21.10
	- mixinextras 0.5.0
[23:25:27] [main/INFO] (FabricLoader/Mixin) SpongePowered MIXIN Subsystem Version=0.8.7 Source=file:/C:/Users/Denis/.gradle/caches/modules-2/files-2.1/net.fabricmc/sponge-mixin/0.16.3+mixin.0.8.7/3e535042688d1265447e52ad86950b7d9678a5fa/sponge-mixin-0.16.3+mixin.0.8.7.jar Service=Knot/Fabric Env=CLIENT
[23:25:27] [main/INFO] (FabricLoader/Mixin) Loaded Fabric development mappings for mixin remapper!
[23:25:27] [main/INFO] (FabricLoader/Mixin) Compatibility level set to JAVA_21
[23:25:29] [main/INFO] (FabricLoader/MixinExtras|Service) Initializing MixinExtras via com.llamalad7.mixinextras.service.MixinExtrasServiceImpl(version=0.5.0).
[23:25:30] [Datafixer Bootstrap/INFO] (Minecraft) 278 Datafixer optimizations took 593 milliseconds
[23:25:36] [Render thread/INFO] (Minecraft) Environment: Environment[sessionHost=https://sessionserver.mojang.com, servicesHost=https://api.minecraftservices.com, profilesHost=https://api.mojang.com, name=PROD]
[23:25:36] [Render thread/INFO] (Minecraft) Setting user: Player664
[23:25:36] [Render thread/INFO] (Indigo) [Indigo] Registering Indigo renderer!
[23:25:37] [Download-2/ERROR] (Minecraft) Failed to fetch user properties
com.mojang.authlib.exceptions.InvalidCredentialsException: Status: 401
	at knot/com.mojang.authlib.exceptions.MinecraftClientHttpException.toAuthenticationException(MinecraftClientHttpException.java:59) ~[authlib-7.0.61.jar:?]
	at knot/com.mojang.authlib.yggdrasil.YggdrasilUserApiService.fetchProperties(YggdrasilUserApiService.java:150) ~[authlib-7.0.61.jar:?]
	at knot/net.minecraft.client.MinecraftClient.method_55608(MinecraftClient.java:446) ~[minecraft-merged-6227aad8ee-1.21.10-net.fabricmc.yarn.1_21_10.1.21.10+build.3.jar:?]
	at java.base/java.util.concurrent.CompletableFuture$AsyncSupply.run(CompletableFuture.java:1768) ~[?:?]
	at java.base/java.util.concurrent.ThreadPoolExecutor.runWorker(ThreadPoolExecutor.java:1144) ~[?:?]
	at java.base/java.util.concurrent.ThreadPoolExecutor$Worker.run(ThreadPoolExecutor.java:642) ~[?:?]
	at java.base/java.lang.Thread.run(Thread.java:1583) [?:?]
Caused by: com.mojang.authlib.exceptions.MinecraftClientHttpException: Status: 401
	at knot/com.mojang.authlib.minecraft.client.MinecraftClient.readInputStream(MinecraftClient.java:103) ~[authlib-7.0.61.jar:?]
	at knot/com.mojang.authlib.minecraft.client.MinecraftClient.get(MinecraftClient.java:56) ~[authlib-7.0.61.jar:?]
	at knot/com.mojang.authlib.yggdrasil.YggdrasilUserApiService.fetchProperties(YggdrasilUserApiService.java:121) ~[authlib-7.0.61.jar:?]
	... 5 more
[23:25:37] [Render thread/INFO] (Minecraft) Backend library: LWJGL version 3.3.3-snapshot
[23:25:37] [Render thread/INFO] (Minecraft) Using optional rendering extensions: GL_ARB_buffer_storage, GL_KHR_debug, GL_ARB_vertex_attrib_binding, GL_ARB_direct_state_access
[23:25:38] [Render thread/INFO] (Minecraft) Reloading ResourceManager: vanilla, fabric, editvillager, fabric-api, fabric-api-base, fabric-api-lookup-api-v1, fabric-biome-api-v1, fabric-block-api-v1, fabric-block-view-api-v2, fabric-client-gametest-api-v1, fabric-command-api-v2, fabric-content-registries-v0, fabric-convention-tags-v1, fabric-convention-tags-v2, fabric-crash-report-info-v1, fabric-data-attachment-api-v1, fabric-data-generation-api-v1, fabric-dimensions-v1, fabric-entity-events-v1, fabric-events-interaction-v0, fabric-game-rule-api-v1, fabric-gametest-api-v1, fabric-item-api-v1, fabric-item-group-api-v1, fabric-key-binding-api-v1, fabric-lifecycle-events-v1, fabric-loot-api-v2, fabric-loot-api-v3, fabric-message-api-v1, fabric-model-loading-api-v1, fabric-networking-api-v1, fabric-object-builder-api-v1, fabric-particles-v1, fabric-recipe-api-v1, fabric-registry-sync-v0, fabric-renderer-api-v1, fabric-renderer-indigo, fabric-rendering-fluids-v1, fabric-rendering-v1, fabric-resource-conditions-api-v1, fabric-resource-loader-v0, fabric-resource-loader-v1, fabric-screen-api-v1, fabric-screen-handler-api-v1, fabric-serialization-api-v1, fabric-sound-api-v1, fabric-tag-api-v1, fabric-transfer-api-v1, fabric-transitive-access-wideners-v1, fabricloader
[23:25:38] [Worker-Main-11/INFO] (Minecraft) Found unifont_pua-16.0.03.hex, loading
[23:25:38] [Worker-Main-10/INFO] (Minecraft) Found unifont_all_no_pua-16.0.03.hex, loading
[23:25:38] [Download-2/INFO] (Minecraft) Could not authorize you against Realms server: java.lang.RuntimeException: Failed to parse into SignedJWT: FabricMC
[23:25:38] [Download-2/ERROR] (Minecraft) Failed to fetch Realms feature flags
net.minecraft.client.realms.exception.RealmsServiceException: Realms authentication error with message 'java.lang.RuntimeException: Failed to parse into SignedJWT: FabricMC'
	at knot/net.minecraft.client.realms.RealmsClient.execute(RealmsClient.java:512) ~[minecraft-merged-6227aad8ee-1.21.10-net.fabricmc.yarn.1_21_10.1.21.10+build.3.jar:?]
	at knot/net.minecraft.client.realms.RealmsClient.fetchFeatureFlags(RealmsClient.java:161) ~[minecraft-merged-6227aad8ee-1.21.10-net.fabricmc.yarn.1_21_10.1.21.10+build.3.jar:?]
	at java.base/java.util.concurrent.CompletableFuture$AsyncSupply.run(CompletableFuture.java:1768) ~[?:?]
	at java.base/java.util.concurrent.ThreadPoolExecutor.runWorker(ThreadPoolExecutor.java:1144) ~[?:?]
	at java.base/java.util.concurrent.ThreadPoolExecutor$Worker.run(ThreadPoolExecutor.java:642) ~[?:?]
	at java.base/java.lang.Thread.run(Thread.java:1583) [?:?]
[23:25:38] [Worker-Main-2/INFO] (Minecraft) Found unifont_jp_patch-16.0.03.hex, loading
[23:25:39] [Render thread/INFO] (Minecraft) OpenAL initialized on device OpenAL Soft on Headphones (High Definition Audio Device)
[23:25:39] [Render thread/INFO] (Minecraft) Sound engine started
[23:25:39] [Render thread/INFO] (Minecraft) Created: 512x256x0 minecraft:textures/atlas/particles.png-atlas
[23:25:39] [Render thread/INFO] (Minecraft) Created: 128x64x0 minecraft:textures/atlas/decorated_pot.png-atlas
[23:25:39] [Render thread/INFO] (Minecraft) Created: 2048x1024x0 minecraft:textures/atlas/armor_trims.png-atlas
[23:25:39] [Render thread/INFO] (Minecraft) Created: 512x256x0 minecraft:textures/atlas/paintings.png-atlas
[23:25:39] [Render thread/INFO] (Minecraft) Created: 512x512x0 minecraft:textures/atlas/shield_patterns.png-atlas
[23:25:39] [Render thread/INFO] (Minecraft) Created: 1024x512x4 minecraft:textures/atlas/blocks.png-atlas
[23:25:39] [Render thread/INFO] (Minecraft) Created: 512x256x0 minecraft:textures/atlas/chest.png-atlas
[23:25:39] [Render thread/INFO] (Minecraft) Created: 512x512x0 minecraft:textures/atlas/banner_patterns.png-atlas
[23:25:39] [Render thread/INFO] (Minecraft) Created: 512x256x0 minecraft:textures/atlas/beds.png-atlas
[23:25:39] [Render thread/INFO] (Minecraft) Created: 1024x512x0 minecraft:textures/atlas/gui.png-atlas
[23:25:39] [Render thread/INFO] (Minecraft) Created: 64x64x0 minecraft:textures/atlas/map_decorations.png-atlas
[23:25:39] [Render thread/INFO] (Minecraft) Created: 256x256x0 minecraft:textures/atlas/signs.png-atlas
[23:25:39] [Render thread/INFO] (Minecraft) Created: 512x256x0 minecraft:textures/atlas/shulker_boxes.png-atlas
[23:25:40] [IO-Worker-1/INFO] (Minecraft) Could not authorize you against Realms server: java.lang.RuntimeException: Failed to parse into SignedJWT: FabricMC
[23:25:40] [IO-Worker-1/ERROR] (Minecraft) Couldn't connect to realms
net.minecraft.client.realms.exception.RealmsServiceException: Realms authentication error with message 'java.lang.RuntimeException: Failed to parse into SignedJWT: FabricMC'
	at knot/net.minecraft.client.realms.RealmsClient.execute(RealmsClient.java:512) ~[minecraft-merged-6227aad8ee-1.21.10-net.fabricmc.yarn.1_21_10.1.21.10+build.3.jar:?]
	at knot/net.minecraft.client.realms.RealmsClient.clientCompatible(RealmsClient.java:290) ~[minecraft-merged-6227aad8ee-1.21.10-net.fabricmc.yarn.1_21_10.1.21.10+build.3.jar:?]
	at knot/net.minecraft.client.realms.RealmsAvailability.method_52627(RealmsAvailability.java:50) ~[minecraft-merged-6227aad8ee-1.21.10-net.fabricmc.yarn.1_21_10.1.21.10+build.3.jar:?]
	at java.base/java.util.concurrent.CompletableFuture$AsyncSupply.run(CompletableFuture.java:1768) ~[?:?]
	at java.base/java.util.concurrent.ThreadPoolExecutor.runWorker(ThreadPoolExecutor.java:1144) ~[?:?]
	at java.base/java.util.concurrent.ThreadPoolExecutor$Worker.run(ThreadPoolExecutor.java:642) ~[?:?]
	at java.base/java.lang.Thread.run(Thread.java:1583) [?:?]
[23:25:46] [Render thread/INFO] (Minecraft) Loaded 1461 recipes
[23:25:46] [Render thread/INFO] (Minecraft) Loaded 1574 advancements
[23:25:46] [Render thread/INFO] (BiomeModificationImpl) Applied 0 biome modifications to 0 of 65 new biomes in 1.445 ms
[23:25:46] [Server thread/INFO] (Minecraft) Starting integrated minecraft server version 1.21.10
[23:25:46] [Server thread/INFO] (Minecraft) Generating keypair
[23:25:47] [Server thread/INFO] (Minecraft) Loading 0 persistent chunks...
[23:25:47] [Server thread/INFO] (Minecraft) Подготовка области возрождения: 16%
[23:25:48] [Server thread/INFO] (Minecraft) Loading 49 chunks for player spawn...
[23:25:48] [Server thread/INFO] (Minecraft) Подготовка области возрождения: 16%
[23:25:48] [Server thread/INFO] (Minecraft) Подготовка области возрождения: 16%
[23:25:48] [Server thread/INFO] (Minecraft) [STDOUT]: ReflectionUtils: Found TradedItem potential item field: comp_2424 of type RegistryEntry
[23:25:48] [Server thread/INFO] (Minecraft) Time elapsed: 1426 ms
[23:25:48] [Server thread/INFO] (Minecraft) Player664[local:E:a62f7b99] logged in with entity id 120 at (-18.237043763941376, 136.0, 192.72620232804357)
[23:25:48] [Server thread/INFO] (Minecraft) Player664 присоединился к игре
[23:25:49] [Server thread/INFO] (Minecraft) Player664 получил достижение «[Обсидиановы слёзы]»
[23:25:49] [Render thread/INFO] (Minecraft) [System] [CHAT] Player664 получил достижение «[Обсидиановы слёзы]»
[23:25:49] [Render thread/INFO] (Minecraft) Resizing Dynamic Transforms UBO, capacity limit of 2 reached during a single frame. New capacity will be 4.
[23:25:49] [Server thread/INFO] (Minecraft) Changing view distance to 6, from 10
[23:25:49] [Server thread/INFO] (Minecraft) Changing simulation distance to 12, from 0
[23:25:49] [Render thread/INFO] (Minecraft) Resizing Dynamic Transforms UBO, capacity limit of 4 reached during a single frame. New capacity will be 8.
[23:25:49] [Render thread/INFO] (Minecraft) Loaded 31 advancements
[23:25:49] [Render thread/INFO] (Minecraft) Resizing Dynamic Transforms UBO, capacity limit of 8 reached during a single frame. New capacity will be 16.
[23:25:49] [Render thread/INFO] (Minecraft) Resizing Dynamic Transforms UBO, capacity limit of 16 reached during a single frame. New capacity will be 32.
[23:25:49] [Render thread/INFO] (Minecraft) Resizing Dynamic Transforms UBO, capacity limit of 32 reached during a single frame. New capacity will be 64.
[23:25:49] [Render thread/INFO] (Minecraft) Resizing Dynamic Transforms UBO, capacity limit of 64 reached during a single frame. New capacity will be 128.
[23:25:50] [Render thread/INFO] (Minecraft) Resizing Dynamic Transforms UBO, capacity limit of 128 reached during a single frame. New capacity will be 256.
[23:25:50] [Render thread/INFO] (Minecraft) Resizing Dynamic Transforms UBO, capacity limit of 256 reached during a single frame. New capacity will be 512.
[23:25:53] [Server thread/INFO] (Minecraft) Villager VillagerEntity['1234'/3, l='ServerLevel[New World]', x=-19.34, y=136.00, z=192.52] died, message: '1234 был убит Player664'
[23:25:53] [Server thread/INFO] (Minecraft) Named entity VillagerEntity['1234'/3, l='ServerLevel[New World]', x=-19.34, y=136.00, z=192.52] died: 1234 был убит Player664
[23:25:53] [Render thread/INFO] (Minecraft) Villager VillagerEntity['1234'/3, l='ClientLevel', x=-19.34, y=136.00, z=192.52] died, message: '1234 умер'
[23:25:53] [Render thread/INFO] (Minecraft) Loaded 69 advancements
[23:25:54] [Render thread/INFO] (Minecraft) [System] [CHAT] §aЖитель создан с именем: 1234
[23:25:57] [Server thread/INFO] (Minecraft) [STDOUT]: TradesScreenHandler.loadBufferFromStorage: Loading level 1
[23:25:57] [Server thread/INFO] (Minecraft) [STDOUT]:   Custom trades for level 1: 0
[23:25:57] [Server thread/INFO] (Minecraft) [STDOUT]:   Fallback to villager.getOffers(): 0
[23:25:57] [Server thread/INFO] (Minecraft) [STDOUT]: TradesScreenHandler.renderPage: Rendering page 0
[23:25:58] [Server thread/INFO] (Minecraft) [STDOUT]: TradesScreenHandler.saveCurrentPageToBuffer: Saving page 0 (slots 0 to 7)
[23:25:58] [Server thread/INFO] (Minecraft) [STDOUT]:   Slot 0: first=1 minecraft:crying_obsidian, second=1 minecraft:crying_obsidian, sell=1 minecraft:crying_obsidian
[23:25:58] [Server thread/INFO] (Minecraft) [STDOUT]:   -> Created offer at buffer[0]: net.minecraft.village.TradeOffer@3b6958da, hasSecond=true
[23:25:58] [Server thread/INFO] (Minecraft) [STDOUT]:   Slot 1: first=0 minecraft:air, second=0 minecraft:air, sell=0 minecraft:air
[23:25:58] [Server thread/INFO] (Minecraft) [STDOUT]:   -> Cleared buffer[1]
[23:25:58] [Server thread/INFO] (Minecraft) [STDOUT]:   Slot 2: first=0 minecraft:air, second=0 minecraft:air, sell=0 minecraft:air
[23:25:58] [Server thread/INFO] (Minecraft) [STDOUT]:   -> Cleared buffer[2]
[23:25:58] [Server thread/INFO] (Minecraft) [STDOUT]:   Slot 3: first=0 minecraft:air, second=0 minecraft:air, sell=0 minecraft:air
[23:25:58] [Server thread/INFO] (Minecraft) [STDOUT]:   -> Cleared buffer[3]
[23:25:58] [Server thread/INFO] (Minecraft) [STDOUT]:   Slot 4: first=0 minecraft:air, second=0 minecraft:air, sell=0 minecraft:air
[23:25:58] [Server thread/INFO] (Minecraft) [STDOUT]:   -> Cleared buffer[4]
[23:25:58] [Server thread/INFO] (Minecraft) [STDOUT]:   Slot 5: first=0 minecraft:air, second=0 minecraft:air, sell=0 minecraft:air
[23:25:58] [Server thread/INFO] (Minecraft) [STDOUT]:   -> Cleared buffer[5]
[23:25:58] [Server thread/INFO] (Minecraft) [STDOUT]:   Slot 6: first=0 minecraft:air, second=0 minecraft:air, sell=0 minecraft:air
[23:25:58] [Server thread/INFO] (Minecraft) [STDOUT]:   -> Cleared buffer[6]
[23:25:58] [Server thread/INFO] (Minecraft) [STDOUT]:   Slot 7: first=0 minecraft:air, second=0 minecraft:air, sell=0 minecraft:air
[23:25:58] [Server thread/INFO] (Minecraft) [STDOUT]:   -> Cleared buffer[7]
[23:26:00] [Server thread/INFO] (Minecraft) [STDOUT]: TradesScreenHandler.loadBufferFromStorage: Loading level 1
[23:26:00] [Server thread/INFO] (Minecraft) [STDOUT]:   Custom trades for level 1: 1
[23:26:00] [Server thread/INFO] (Minecraft) [STDOUT]:   Source offer[0]: net.minecraft.village.TradeOffer@74adaf6f, hasSecond=true
[23:26:00] [Server thread/INFO] (Minecraft) [STDOUT]:     -> Copied to buffer[0]: net.minecraft.village.TradeOffer@15374a05, hasSecond=true
[23:26:00] [Server thread/INFO] (Minecraft) [STDOUT]: TradesScreenHandler.renderPage: Rendering page 0
[23:26:00] [Server thread/INFO] (Minecraft) [STDOUT]:   Rendering slot 0 from buffer[0]: net.minecraft.village.TradeOffer@15374a05, hasSecond=true
[23:26:00] [Server thread/INFO] (Minecraft) [STDOUT]:     First item (slot 1): 1 minecraft:crying_obsidian
[23:26:00] [Server thread/INFO] (Minecraft) [STDOUT]: ReflectionUtils.convertTradedItem: Got rawItem via field: Reference{ResourceKey[minecraft:item / minecraft:crying_obsidian]=minecraft:crying_obsidian}
[23:26:00] [Server thread/INFO] (Minecraft) [STDOUT]: ReflectionUtils.convertTradedItem: Failed to unwrap, got: null
[23:26:00] [Server thread/INFO] (Minecraft) [STDOUT]: ReflectionUtils.convertTradedItem: Count via field: 1
[23:26:00] [Server thread/INFO] (Minecraft) [STDOUT]: ReflectionUtils.convertTradedItem: Final result: 0 minecraft:air
[23:26:00] [Server thread/INFO] (Minecraft) [STDOUT]:     Second item (slot 10): 0 minecraft:air
[23:26:00] [Server thread/INFO] (Minecraft) [STDOUT]:     Sell item (slot 19): 1 minecraft:crying_obsidian
[23:26:02] [Render thread/INFO] (Minecraft) Stopping!
[23:26:02] [Server thread/INFO] (Minecraft) Player664 lost connection: Отключение
[23:26:02] [Server thread/INFO] (Minecraft) Player664 покинул игру
[23:26:02] [Server thread/INFO] (Minecraft) Stopping singleplayer server as player logged out
[23:26:02] [Server thread/INFO] (Minecraft) Stopping server
[23:26:02] [Server thread/INFO] (Minecraft) Saving players
[23:26:02] [Server thread/INFO] (Minecraft) Saving worlds
[23:26:02] [Server thread/INFO] (Minecraft) Saving chunks for level 'ServerLevel[New World]'/minecraft:overworld
[23:26:02] [Server thread/INFO] (Minecraft) Saving chunks for level 'ServerLevel[New World]'/minecraft:the_end
[23:26:02] [Server thread/INFO] (Minecraft) Saving chunks for level 'ServerLevel[New World]'/minecraft:the_nether
[23:26:02] [Server thread/INFO] (Minecraft) ThreadedAnvilChunkStorage (New World): All chunks are saved
[23:26:02] [Server thread/INFO] (Minecraft) ThreadedAnvilChunkStorage (DIM1): All chunks are saved
[23:26:02] [Server thread/INFO] (Minecraft) ThreadedAnvilChunkStorage (DIM-1): All chunks are saved
[23:26:02] [Server thread/INFO] (Minecraft) ThreadedAnvilChunkStorage: All dimensions are saved
